<?xml version="1.0" encoding="UTF-8"?>
<channels>
  <channel site="example.com" site_id="140" lang="en" xmltv_id="CNNInternational.us@MENA">CNN International</channel>
  <channel site="example.com" site_id="240" lang="en" logo="https://example.com/logo.png" xmltv_id="">BBC World News</channel>
</channels>
