<?xml version="1.0" encoding="UTF-8" ?><tv date="20221020">
<channel id="Channel1.us@HD"><display-name>Channel 1</display-name><icon src="https://i.imgur.com/GPzH88J.png"/><url>https://example.com</url></channel>
<channel id="Channel2.us"><display-name>Channel 2</display-name><icon src="https://i.imgur.com/qmRnD0M.png"/><url>https://example.com</url><lcn>36</lcn></channel>
<programme start="20221020043100 +0000" stop="20221020071000 +0000" channel="Channel1.us@HD"><title lang="en">Program1 (example.com)</title></programme>
<programme start="20221021043100 +0000" stop="20221021071000 +0000" channel="Channel1.us@HD"><title lang="en">Program1 (example.com)</title></programme>
</tv>