<?xml version="1.0" encoding="UTF-8"?>
<channels>
  <channel site="example.com" lang="" xmltv_id="CNNInternational.us@Europe" site_id="140">CNN International</channel>
</channels>
